[lightdock] INFO: Parameters are:
[lightdock] INFO: Receptor: /Users/irrati0nal/workspaces/python/lightdock/bin/test/scratch/1PPE_rec.pdb
[lightdock] INFO: Ligand: /Users/irrati0nal/workspaces/python/lightdock/bin/test/scratch/1PPE_lig.pdb
[lightdock] INFO: Number of clusters: 1
[lightdock] INFO: Number of glowworms per cluster: 20
[lightdock] INFO: Simulation steps: 2
[lightdock] INFO: GSO seed: 324324
[lightdock] INFO: Starting points seed: 324324
[lightdock] INFO: Translation step: 0.5
[lightdock] INFO: Rotation step: 0.5
[lightdock] INFO: Configuration file: /Users/irrati0nal/workspaces/python/lightdock/bin/test/golden_data/regression_2/glowworm.conf
[lightdock] INFO: FTDock file: /Users/irrati0nal/workspaces/python/lightdock/bin/test/golden_data/regression_2/1PPE.ftdock
[lightdock] INFO: lightdock parameters saved to ./lightdock.info
[lightdock] INFO: Reading /Users/irrati0nal/workspaces/python/lightdock/bin/test/scratch/1PPE_rec.pdb receptor PDB file...
[lightdock] INFO: 1628 atoms, 223 residues read.
[lightdock] INFO: Reading /Users/irrati0nal/workspaces/python/lightdock/bin/test/scratch/1PPE_lig.pdb ligand PDB file...
[lightdock] INFO: 221 atoms, 29 residues read.
[lightdock] INFO: Saving processed structures to PDB files...
[lightdock] INFO: Done.
[lightdock] INFO: Calculating starting positions...
[lightdock] INFO: Generated 1 positions files
[lightdock] INFO: Done.
[lightdock] INFO: Loading scoring function...
[lightdock] INFO: Using TOBI scoring function
[lightdock] INFO: Done.
[lightdock] INFO: Preparing environment
[lightdock] INFO: Done.
[kraken] INFO: Kraken has 1 tentacles (cpu cores)
[kraken] INFO: Tentacle ready with 1 tasks
[kraken] INFO: 1 ships ready to be smashed
[lightdock] INFO: Monster spotted
[kraken] INFO: Release the Kraken!
[0] step 1
[0] step 2
[kraken] INFO: folding tentacle Tentacle-1
[kraken] INFO: 1 ships destroyed
[lightdock] INFO: Finished.
