[lightdock] INFO: Parameters are:
[lightdock] INFO: Receptor: 1PPE_rec.pdb
[lightdock] INFO: Ligand: 1PPE_lig.pdb
[lightdock] INFO: Number of clusters: 5
[lightdock] INFO: Number of glowworms per cluster: 50
[lightdock] INFO: Simulation steps: 10
[lightdock] INFO: GSO seed: 324324
[lightdock] INFO: Starting points seed: 324324
[lightdock] INFO: Translation step: 0.5
[lightdock] INFO: Rotation step: 0.5
[lightdock] INFO: Configuration file: glowworm.conf
[lightdock] INFO: lightdock parameters saved to ./lightdock.info
[lightdock] INFO: Reading 1PPE_rec.pdb receptor PDB file...
[lightdock] INFO: 1628 atoms, 223 residues read.
[lightdock] INFO: Reading 1PPE_lig.pdb ligand PDB file...
[lightdock] INFO: 221 atoms, 29 residues read.
[lightdock] INFO: Saving processed structures to PDB files...
[lightdock] INFO: Done.
[lightdock] INFO: Calculating starting positions...
[lightdock] INFO: Generated 5 positions files
[lightdock] INFO: Done.
[lightdock] INFO: Loading scoring function...
[lightdock] INFO: Using DFIRE2 scoring function
[lightdock] INFO: Done.
[lightdock] INFO: Preparing environment
[lightdock] INFO: Done.
[kraken] WARNING: Number of cores has not been specified or is incorrect. Using available cores.
[kraken] INFO: Kraken has 4 tentacles (cpu cores)
[kraken] INFO: Tentacle ready with 2 tasks
[kraken] INFO: Tentacle ready with 1 tasks
[kraken] INFO: Tentacle ready with 1 tasks
[kraken] INFO: Tentacle ready with 1 tasks
[kraken] INFO: 5 ships ready to be smashed
[lightdock] INFO: Monster spotted
[kraken] INFO: Release the Kraken!
[1] step 1
[1] step 2
[1] step 3
[1] step 4
[1] step 5
[1] step 6
[1] step 7
[1] step 8
[1] step 9
[1] step 10
[kraken] INFO: folding tentacle Tentacle-2
[3] step 1
[3] step 2
[3] step 3
[3] step 4
[3] step 5
[3] step 6
[3] step 7
[3] step 8
[3] step 9
[3] step 10
[kraken] INFO: folding tentacle Tentacle-4
[2] step 1
[2] step 2
[2] step 3
[2] step 4
[2] step 5
[2] step 6
[2] step 7
[2] step 8
[2] step 9
[2] step 10
[kraken] INFO: folding tentacle Tentacle-3
[0] step 1
[0] step 2
[0] step 3
[0] step 4
[0] step 5
[0] step 6
[0] step 7
[0] step 8
[0] step 9
[0] step 10
[4] step 1
[4] step 2
[4] step 3
[4] step 4
[4] step 5
[4] step 6
[4] step 7
[4] step 8
[4] step 9
[4] step 10
[kraken] INFO: folding tentacle Tentacle-1
[kraken] INFO: 5 ships destroyed
[lightdock] INFO: Finished.
