[lightdock] INFO: Parameters are:
[lightdock] INFO: Receptor: 1PPE_rec.pdb.H
[lightdock] INFO: Ligand: 1PPE_lig.pdb.H
[lightdock] INFO: Number of clusters: 1
[lightdock] INFO: Number of glowworms per cluster: 50
[lightdock] INFO: Simulation steps: 30
[lightdock] INFO: GSO seed: 324324
[lightdock] INFO: Starting points seed: 324324
[lightdock] INFO: Translation step: 0.5
[lightdock] INFO: Rotation step: 0.5
[lightdock] INFO: lightdock parameters saved to ./lightdock.info
[lightdock] INFO: Reading 1PPE_rec.pdb.H receptor PDB file...
[lightdock] INFO: 3219 atoms, 223 residues read.
[lightdock] INFO: Reading 1PPE_lig.pdb.H ligand PDB file...
[lightdock] INFO: 437 atoms, 29 residues read.
[lightdock] INFO: 10 normal modes calculated for receptor
[lightdock] INFO: 10 normal modes calculated for ligand
[lightdock] INFO: Saving processed structures to PDB files...
[lightdock] INFO: Done.
[lightdock] INFO: Calculating starting positions...
[lightdock] INFO: Generated 1 positions files
[lightdock] INFO: Done.
[lightdock] INFO: Loading scoring function...
[lightdock] INFO: Using SD scoring function
[lightdock] INFO: Done.
[lightdock] INFO: Preparing environment
[lightdock] INFO: Done.
[kraken] INFO: Kraken has 1 tentacles (cpu cores)
[kraken] INFO: Tentacle ready with 1 tasks
[kraken] INFO: 1 ships ready to be smashed
[lightdock] INFO: Monster spotted
[kraken] INFO: Release the Kraken!
[0] step 1
[0] step 2
[0] step 3
[0] step 4
[0] step 5
[0] step 6
[0] step 7
[0] step 8
[0] step 9
[0] step 10
[0] step 11
[0] step 12
[0] step 13
[0] step 14
[0] step 15
[0] step 16
[0] step 17
[0] step 18
[0] step 19
[0] step 20
[0] step 21
[0] step 22
[0] step 23
[0] step 24
[0] step 25
[0] step 26
[0] step 27
[0] step 28
[0] step 29
[0] step 30
[kraken] INFO: folding tentacle Tentacle-1
[kraken] INFO: 1 ships destroyed
[lightdock] INFO: Finished.
